{'STAT2HEADER': 'STAT2HEADER', 'STAT2HEADER_ENVIRON': 'environ({\'SHELL\': \'/bin/bash\', \'HISTCONTROL\': \'ignoredups\', \'HOSTNAME\': \'clarinet.ucsf.edu\', \'HISTSIZE\': \'1000\', \'CHIMERAX_EXE\': \'/usr/bin/chimerax\', \'BABEL_LIBDIR\': \'/usr/lib64/openbabel3\', \'WISECONFIGDIR\': \'/usr/share/wise2/\', \'SSH_AUTH_SOCK\': \'/tmp/ssh-XXXXKLYm6t/agent.702044\', \'EDITOR\': \'vim\', \'KRB5CCNAME\': \'FILE:/tmp/krb5cc_11000_XXXX0aTjTz\', \'PWD\': \'/home/ben/imp/imp/modules/sampcon/test/input/modeling\', \'IMP_DATA\': \'/home/ben/imp/release/data\', \'LOGNAME\': \'ben\', \'XDG_SESSION_TYPE\': \'tty\', \'MODULESHOME\': \'/usr/share/Modules\', \'MANPATH\': \'/usr/share/man:\', \'IMP_BIN_DIR\': \'/home/ben/imp/release/bin\', \'IMOD_CALIB_DIR\': \'/usr/local/ImodCalib\', \'MOTD_SHOWN\': \'pam\', \'__MODULES_SHARE_MANPATH\': \':1\', \'IMP_TMP_DIR\': \'/home/ben/imp/release/tmp\', \'HOME\': \'/home/ben\', \'LANG\': \'en_US.UTF-8\', \'MODINSTALLSVN\': \'/clarinet1/home/ben/modeller/current-opt\', \'HEX_VERSION\': \'6d\', \'LS_COLORS\': \'rs=0:di=01;34:ln=01;36:mh=00:pi=40;33:so=01;35:do=01;35:bd=40;33;01:cd=40;33;01:or=40;31;01:mi=01;37;41:su=37;41:sg=30;43:ca=00:tw=30;42:ow=34;42:st=37;44:ex=01;32:*.tar=01;31:*.tgz=01;31:*.arc=01;31:*.arj=01;31:*.taz=01;31:*.lha=01;31:*.lz4=01;31:*.lzh=01;31:*.lzma=01;31:*.tlz=01;31:*.txz=01;31:*.tzo=01;31:*.t7z=01;31:*.zip=01;31:*.z=01;31:*.dz=01;31:*.gz=01;31:*.lrz=01;31:*.lz=01;31:*.lzo=01;31:*.xz=01;31:*.zst=01;31:*.tzst=01;31:*.bz2=01;31:*.bz=01;31:*.tbz=01;31:*.tbz2=01;31:*.tz=01;31:*.deb=01;31:*.rpm=01;31:*.jar=01;31:*.war=01;31:*.ear=01;31:*.sar=01;31:*.rar=01;31:*.alz=01;31:*.ace=01;31:*.zoo=01;31:*.cpio=01;31:*.7z=01;31:*.rz=01;31:*.cab=01;31:*.wim=01;31:*.swm=01;31:*.dwm=01;31:*.esd=01;31:*.avif=01;35:*.jpg=01;35:*.jpeg=01;35:*.mjpg=01;35:*.mjpeg=01;35:*.gif=01;35:*.bmp=01;35:*.pbm=01;35:*.pgm=01;35:*.ppm=01;35:*.tga=01;35:*.xbm=01;35:*.xpm=01;35:*.tif=01;35:*.tiff=01;35:*.png=01;35:*.svg=01;35:*.svgz=01;35:*.mng=01;35:*.pcx=01;35:*.mov=01;35:*.mpg=01;35:*.mpeg=01;35:*.m2v=01;35:*.mkv=01;35:*.webm=01;35:*.webp=01;35:*.ogm=01;35:*.mp4=01;35:*.m4v=01;35:*.mp4v=01;35:*.vob=01;35:*.qt=01;35:*.nuv=01;35:*.wmv=01;35:*.asf=01;35:*.rm=01;35:*.rmvb=01;35:*.flc=01;35:*.avi=01;35:*.fli=01;35:*.flv=01;35:*.gl=01;35:*.dl=01;35:*.xcf=01;35:*.xwd=01;35:*.yuv=01;35:*.cgm=01;35:*.emf=01;35:*.ogv=01;35:*.ogx=01;35:*.aac=01;36:*.au=01;36:*.flac=01;36:*.m4a=01;36:*.mid=01;36:*.midi=01;36:*.mka=01;36:*.mp3=01;36:*.mpc=01;36:*.ogg=01;36:*.ra=01;36:*.wav=01;36:*.oga=01;36:*.opus=01;36:*.spx=01;36:*.xspf=01;36:*~=00;90:*#=00;90:*.bak=00;90:*.old=00;90:*.orig=00;90:*.part=00;90:*.rej=00;90:*.swp=00;90:*.tmp=00;90:*.dpkg-dist=00;90:*.dpkg-old=00;90:*.ucf-dist=00;90:*.ucf-new=00;90:*.ucf-old=00;90:*.rpmnew=00;90:*.rpmorig=00;90:*.rpmsave=00;90:\', \'IMOD_DIR\': \'/usr/local/IMOD\', \'IMOD_JAVADIR\': \'/usr/local/java\', \'IMOD_PLUGIN_DIR\': \'/usr/local/IMOD/lib/imodplug\', \'SSH_CONNECTION\': \'198.27.190.229 65377 169.230.90.72 22\', \'FOR_DISABLE_STACK_TRACE\': \'1\', \'VAGRANT_DEFAULT_PROVIDER\': \'virtualbox\', \'XDG_SESSION_CLASS\': \'user\', \'SELINUX_ROLE_REQUESTED\': \'\', \'PYTHONPATH\': \'/home/ben/imp/release/lib:/home/ben/imp/release/lib:\', \'TERM\': \'xterm-256color\', \'IMOD_QTLIBDIR\': \'/usr/local/IMOD/qtlib\', \'LESSOPEN\': \'||/usr/bin/lesspipe.sh %s\', \'USER\': \'ben\', \'MODULES_RUN_QUARANTINE\': \'LD_LIBRARY_PATH LD_PRELOAD\', \'LOADEDMODULES\': \'\', \'SELINUX_USE_CURRENT_RANGE\': \'\', \'SHLVL\': \'1\', \'XDG_SESSION_ID\': \'271\', \'R3D_LIB\': \'/usr/share/Raster3D/materials\', \'LD_LIBRARY_PATH\': \'/home/ben/imp/release/lib:/home/ben/imp/release/lib:/usr/local/IMOD/lib:\', \'XDG_RUNTIME_DIR\': \'/run/user/11000\', \'SSH_CLIENT\': \'198.27.190.229 65377 22\', \'__MODULES_LMINIT\': \'module use --append /usr/share/Modules/modulefiles:module use --append /etc/modulefiles:module use --append /usr/share/modulefiles\', \'DEBUGINFOD_URLS\': \'https://debuginfod.fedoraproject.org/ \', \'HEX_ROOT\': \'/usr/lib/hexdock-6.3\', \'XDG_DATA_DIRS\': \'/home/ben/.local/share/flatpak/exports/share:/var/lib/flatpak/exports/share:/usr/local/share:/usr/share\', \'PATH\': \'/home/ben/imp/release/bin:/home/ben/imp/release/module_bin/EMageFit:/home/ben/imp/release/module_bin/algebra:/home/ben/imp/release/module_bin/atom:/home/ben/imp/release/module_bin/bayesianem:/home/ben/imp/release/module_bin/benchmark:/home/ben/imp/release/module_bin/cgal:/home/ben/imp/release/module_bin/cnmultifit:/home/ben/imp/release/module_bin/container:/home/ben/imp/release/module_bin/core:/home/ben/imp/release/module_bin/display:/home/ben/imp/release/module_bin/domino:/home/ben/imp/release/module_bin/em:/home/ben/imp/release/module_bin/em2d:/home/ben/imp/release/module_bin/example:/home/ben/imp/release/module_bin/foxs:/home/ben/imp/release/module_bin/gsl:/home/ben/imp/release/module_bin/integrative_docking:/home/ben/imp/release/module_bin/isd:/home/ben/imp/release/module_bin/kernel:/home/ben/imp/release/module_bin/kinematics:/home/ben/imp/release/module_bin/kmeans:/home/ben/imp/release/module_bin/misc:/home/ben/imp/release/module_bin/mmcif:/home/ben/imp/release/module_bin/modeller:/home/ben/imp/release/module_bin/multi_state:/home/ben/imp/release/module_bin/multifit:/home/ben/imp/release/module_bin/npc:/home/ben/imp/release/module_bin/npctransport:/home/ben/imp/release/module_bin/parallel:/home/ben/imp/release/module_bin/pepdock:/home/ben/imp/release/module_bin/pmi:/home/ben/imp/release/module_bin/pmi1:/home/ben/imp/release/module_bin/rmf:/home/ben/imp/release/module_bin/rotamer:/home/ben/imp/release/module_bin/sampcon:/home/ben/imp/release/module_bin/saxs:/home/ben/imp/release/module_bin/saxs_merge:/home/ben/imp/release/module_bin/score_functor:/home/ben/imp/release/module_bin/scratch:/home/ben/imp/release/module_bin/statistics:/home/ben/imp/release/module_bin/symmetry:/home/ben/imp/release/module_bin/test:/usr/share/Modules/bin:/usr/lib64/ccache:/usr/local/IMOD/bin:/usr/local/bin:/usr/bin:/usr/local/sbin:/usr/sbin:/home/ben/bin\', \'SELINUX_LEVEL_REQUESTED\': \'\', \'BABEL_DATADIR\': \'/usr/share/openbabel\', \'MODULEPATH\': \'/salilab/diva1/home/modules:/usr/share/Modules/modulefiles:/etc/modulefiles:/usr/share/modulefiles\', \'DBUS_SESSION_BUS_ADDRESS\': \'unix:path=/run/user/11000/bus\', \'MAIL\': \'/var/spool/mail/ben\', \'SSH_TTY\': \'/dev/pts/1\', \'IMP_EXAMPLE_DATA\': \'/home/ben/imp/release/doc/examples\', \'OLDPWD\': \'/home/ben/imp/imp/modules/sampcon/test/input\', \'MODULES_CMD\': \'/usr/share/Modules/libexec/modulecmd.tcl\', \'BASH_FUNC_ml%%\': \'() {  module ml "$@"\\n}\', \'BASH_FUNC_module%%\': \'() {  local _mlredir=1;\\n if [ -n "${MODULES_REDIRECT_OUTPUT+x}" ]; then\\n if [ "$MODULES_REDIRECT_OUTPUT" = \\\'0\\\' ]; then\\n _mlredir=0;\\n else\\n if [ "$MODULES_REDIRECT_OUTPUT" = \\\'1\\\' ]; then\\n _mlredir=1;\\n fi;\\n fi;\\n fi;\\n case " $@ " in \\n *\\\' --no-redirect \\\'*)\\n _mlredir=0\\n ;;\\n *\\\' --redirect \\\'*)\\n _mlredir=1\\n ;;\\n esac;\\n if [ $_mlredir -eq 0 ]; then\\n _module_raw "$@";\\n else\\n _module_raw "$@" 2>&1;\\n fi\\n}\', \'BASH_FUNC__module_raw%%\': \'() {  eval "$(/usr/bin/tclsh \\\'/usr/share/Modules/libexec/modulecmd.tcl\\\' bash "$@")";\\n _mlstatus=$?;\\n return $_mlstatus\\n}\', \'KMP_DUPLICATE_LIB_OK\': \'True\', \'KMP_INIT_AT_FORK\': \'FALSE\'})', 'STAT2HEADER_IMP_VERSIONS': "{'IMP_VERSION': 'develop-3f979581ee', 'PMI_VERSION': 'develop-3f979581ee'}", 0: 'ConnectivityRestraint_Score_Rpb1', 1: 'ExcludedVolumeSphere_Score', 2: 'CrossLinkingMassSpectrometryRestraint_Data_Score_Chen', 3: 'CrossLinkingMassSpectrometryRestraint_PriorPsi_Score_Chen', 4: 'CrossLinkingMassSpectrometryRestraint_PriorSig_Score_Chen', 5: 'CrossLinkingMassSpectrometryRestraint_Linear_Score_Chen', 6: 'CrossLinkingMassSpectrometryRestraint_Score_|Chen|0.1|Rpb1|1|Rpb1|18|0|PSI|', 7: 'CrossLinkingMassSpectrometryRestraint_Distance_|Chen|0.1|Rpb1|1|Rpb1|18|0|PSI|', 8: 'CrossLinkingMassSpectrometryRestraint_Psi_PSI_Chen', 9: 'CrossLinkingMassSpectrometryRestraint_Sigma_SIGMA_Chen', 10: 'Total_Score', 11: 'MonteCarlo_Acceptance_RigidBody Rpb1..0_0', 12: 'MonteCarlo_Acceptance_BallMover-1-7_bead_1', 13: 'MonteCarlo_Acceptance_BallMover-8-14_bead_2', 14: 'MonteCarlo_Acceptance_BallMover-15-20_bead_3', 15: 'MonteCarlo_Acceptance_Super rigid body transform mover_4', 16: 'MonteCarlo_Temperature', 17: 'MonteCarlo_Nframe', 18: 'ReplicaExchange_SwapSuccessRatio', 19: 'ReplicaExchange_MinTempFrequency', 20: 'ReplicaExchange_MaxTempFrequency', 21: 'ReplicaExchange_CurrentTemp', 22: 'Stopwatch_None_delta_seconds', 23: 'rmf_file', 24: 'rmf_frame_index'} 
{0: '14308.357809089965', 1: '0.0', 2: '1.9349832531278506', 3: '-1.3862943611198906', 4: '0.0', 5: '0.0', 6: '1.9349832531278506', 7: '54.86888920079598', 8: '0.25', 9: '2.0', 10: '14308.906497981972', 11: '1.0', 12: '0.5', 13: '0.5', 14: '0.7', 15: '1.0', 16: '1.0', 17: '0', 18: '0', 19: '0', 20: '0', 21: '1.0', 22: '0.007041174000000039', 23: 'run1/output/rmfs//0.rmf3', 24: 0} 
{0: '8487.667229355679', 1: '0.0', 2: '1.912064075394243', 3: '-1.3862943611198906', 4: '0.0', 5: '0.0', 6: '1.912064075394243', 7: '52.576971427435254', 8: '0.25', 9: '2.0', 10: '8488.192999069952', 11: '1.0', 12: '0.55', 13: '0.4', 14: '0.75', 15: '1.0', 16: '1.0', 17: '1', 18: '0.0', 19: '1.0', 20: '0.0', 21: '1.0', 22: '0.001422525999999924', 23: 'run1/output/rmfs//0.rmf3', 24: 1} 
{0: '2823.955905277897', 1: '0.0', 2: '1.8275674835751083', 3: '-1.3862943611198906', 4: '0.0', 5: '0.0', 6: '1.8275674835751083', 7: '44.12731224552179', 8: '0.25', 9: '2.0', 10: '2824.397178400352', 11: '1.0', 12: '0.4666666666666667', 13: '0.5', 14: '0.6666666666666666', 15: '1.0', 16: '1.0', 17: '2', 18: '0.0', 19: '1.0', 20: '0.0', 21: '1.0', 22: '0.001200085999999989', 23: 'run1/output/rmfs//0.rmf3', 24: 2} 
{0: '1002.9309658208076', 1: '0.0', 2: '1.7206661661293245', 3: '-1.3862943611198906', 4: '0.0', 5: '0.0', 6: '1.7206661661293245', 7: '33.43718050094336', 8: '0.25', 9: '2.0', 10: '1003.2653376258171', 11: '1.0', 12: '0.475', 13: '0.45', 14: '0.7', 15: '1.0', 16: '1.0', 17: '3', 18: '0.0', 19: '1.0', 20: '0.0', 21: '1.0', 22: '0.0012042589999999853', 23: 'run1/output/rmfs//0.rmf3', 24: 3} 
{0: '0.25102803269433543', 1: '0.0', 2: '1.6425512760350849', 3: '-1.3862943611198906', 4: '0.0', 5: '0.0', 6: '1.6425512760350849', 7: '25.625691491519447', 8: '0.25', 9: '2.0', 10: '0.5072849476095298', 11: '1.0', 12: '0.46', 13: '0.4', 14: '0.76', 15: '1.0', 16: '1.0', 17: '4', 18: '0.0', 19: '1.0', 20: '0.0', 21: '1.0', 22: '0.0012227910000000008', 23: 'run1/output/rmfs//0.rmf3', 24: 4} 
{0: '0.0008007738018869642', 1: '0.0', 2: '0.5106010000366026', 3: '-1.3862943611198906', 4: '0.0', 5: '0.0', 6: '0.5106010000366026', 7: '21.19317041061425', 8: '0.25', 9: '2.0', 10: '-0.8748925872814011', 11: '1.0', 12: '0.55', 13: '0.45', 14: '0.7666666666666667', 15: '1.0', 16: '1.0', 17: '5', 18: '0.0', 19: '1.0', 20: '0.0', 21: '1.0', 22: '0.0012155790000000222', 23: 'run1/output/rmfs//0.rmf3', 24: 5} 
{0: '0.0', 1: '0.0', 2: '0.4613006753256417', 3: '-1.3862943611198906', 4: '0.0', 5: '0.0', 6: '0.4613006753256417', 7: '17.361860287386072', 8: '0.25', 9: '2.0', 10: '-0.9249936857942489', 11: '1.0', 12: '0.5285714285714286', 13: '0.44285714285714284', 14: '0.7714285714285715', 15: '1.0', 16: '1.0', 17: '6', 18: '0.0', 19: '1.0', 20: '0.0', 21: '1.0', 22: '0.0012342699999999818', 23: 'run1/output/rmfs//0.rmf3', 24: 6} 
{0: '0.0', 1: '0.0', 2: '1.6568718203521127', 3: '-1.3862943611198906', 4: '0.0', 5: '0.0', 6: '1.6568718203521127', 7: '27.057745923222217', 8: '0.25', 9: '2.0', 10: '0.2705774592322221', 11: '1.0', 12: '0.5625', 13: '0.475', 14: '0.775', 15: '1.0', 16: '1.0', 17: '7', 18: '0.0', 19: '1.0', 20: '0.0', 21: '1.0', 22: '0.0012221020000000582', 23: 'run1/output/rmfs//0.rmf3', 24: 7} 
{0: '0.0', 1: '0.0', 2: '0.4834619073002677', 3: '-1.3862943611198906', 4: '0.0', 5: '0.0', 6: '0.4834619073002677', 7: '19.577983484848676', 8: '0.25', 9: '2.0', 10: '-0.9028324538196228', 11: '1.0', 12: '0.6111111111111112', 13: '0.5111111111111111', 14: '0.7555555555555555', 15: '1.0', 16: '1.0', 17: '8', 18: '0.0', 19: '1.0', 20: '0.0', 21: '1.0', 22: '0.0012275659999999577', 23: 'run1/output/rmfs//0.rmf3', 24: 8} 
{0: '0.0', 1: '0.0', 2: '0.46406742339852913', 3: '-1.3862943611198906', 4: '0.0', 5: '0.0', 6: '0.46406742339852913', 7: '17.63853509467483', 8: '0.25', 9: '2.0', 10: '-0.9222269377213614', 11: '1.0', 12: '0.65', 13: '0.54', 14: '0.75', 15: '1.0', 16: '1.0', 17: '9', 18: '0.0', 19: '1.0', 20: '0.0', 21: '1.0', 22: '0.0012430789999999803', 23: 'run1/output/rmfs//0.rmf3', 24: 9} 
{0: '0.0', 1: '1.268990754292554', 2: '0.39253893886436486', 3: '-1.3862943611198906', 4: '0.0', 5: '0.0', 6: '0.39253893886436486', 7: '10.485686641258397', 8: '0.25', 9: '2.0', 10: '0.2752353320370282', 11: '1.0', 12: '0.6636363636363637', 13: '0.5636363636363636', 14: '0.7636363636363637', 15: '1.0', 16: '1.0', 17: '10', 18: '0.0', 19: '1.0', 20: '0.0', 21: '1.0', 22: '0.0013086970000000253', 23: 'run1/output/rmfs//0.rmf3', 24: 10} 
{0: '0.0', 1: '0.0012082096293568906', 2: '0.47250586254900495', 3: '-1.3862943611198906', 4: '0.0', 5: '0.0', 6: '0.47250586254900495', 7: '18.482379009722408', 8: '0.25', 9: '2.0', 10: '-0.9125802889415287', 11: '1.0', 12: '0.6416666666666667', 13: '0.5833333333333334', 14: '0.7666666666666667', 15: '1.0', 16: '1.0', 17: '11', 18: '0.0', 19: '1.0', 20: '0.0', 21: '1.0', 22: '0.0013311289999999865', 23: 'run1/output/rmfs//0.rmf3', 24: 11} 
{0: '0.0', 1: '0.0', 2: '0.4925781665248957', 3: '-1.3862943611198906', 4: '0.0', 5: '0.0', 6: '0.4925781665248957', 7: '20.489609407311473', 8: '0.25', 9: '2.0', 10: '-0.8937161945949949', 11: '1.0', 12: '0.6538461538461539', 13: '0.6076923076923076', 14: '0.7538461538461538', 15: '1.0', 16: '1.0', 17: '12', 18: '0.0', 19: '1.0', 20: '0.0', 21: '1.0', 22: '0.0012101300000000315', 23: 'run1/output/rmfs//0.rmf3', 24: 12} 
{0: '0.0', 1: '0.0', 2: '0.4789275477003016', 3: '-1.3862943611198906', 4: '0.0', 5: '0.0', 6: '0.4789275477003016', 7: '19.124547524852055', 8: '0.25', 9: '2.0', 10: '-0.9073668134195889', 11: '1.0', 12: '0.6714285714285714', 13: '0.6', 14: '0.7571428571428571', 15: '1.0', 16: '1.0', 17: '13', 18: '0.0', 19: '1.0', 20: '0.0', 21: '1.0', 22: '0.0012452980000000613', 23: 'run1/output/rmfs//0.rmf3', 24: 13} 
{0: '0.0', 1: '0.11341258268814981', 2: '0.4886373121289574', 3: '-1.3862943611198906', 4: '0.0', 5: '0.0', 6: '0.4886373121289574', 7: '20.095523967717643', 8: '0.25', 9: '2.0', 10: '-0.7842444663027833', 11: '1.0', 12: '0.6933333333333334', 13: '0.62', 14: '0.7533333333333333', 15: '1.0', 16: '1.0', 17: '14', 18: '0.0', 19: '1.0', 20: '0.0', 21: '1.0', 22: '0.001272835999999944', 23: 'run1/output/rmfs//0.rmf3', 24: 14} 
{0: '0.0', 1: '0.0', 2: '1.4348791438680388', 3: '-1.3862943611198906', 4: '0.0', 5: '0.0', 6: '1.4348791438680388', 7: '23.403227679505704', 8: '0.25', 9: '2.0', 10: '0.04858478274814826', 11: '1.0', 12: '0.7', 13: '0.6375', 14: '0.7625', 15: '1.0', 16: '1.0', 17: '15', 18: '0.0', 19: '1.0', 20: '0.0', 21: '1.0', 22: '0.0011948170000000147', 23: 'run1/output/rmfs//0.rmf3', 24: 15} 
{0: '0.0', 1: '0.0', 2: '0.4710978887536344', 3: '-1.3862943611198906', 4: '0.0', 5: '0.0', 6: '0.4710978887536344', 7: '18.341581630185352', 8: '0.25', 9: '2.0', 10: '-0.9151964723662562', 11: '1.0', 12: '0.7176470588235294', 13: '0.6470588235294118', 14: '0.7705882352941177', 15: '1.0', 16: '1.0', 17: '16', 18: '0.0', 19: '1.0', 20: '0.0', 21: '1.0', 22: '0.0012526539999999642', 23: 'run1/output/rmfs//0.rmf3', 24: 16} 
{0: '0.0', 1: '0.0', 2: '0.42290522469297376', 3: '-1.3862943611198906', 4: '0.0', 5: '0.0', 6: '0.42290522469297376', 7: '13.522315224119284', 8: '0.25', 9: '2.0', 10: '-0.9633891364269168', 11: '1.0', 12: '0.7277777777777777', 13: '0.65', 14: '0.7722222222222223', 15: '1.0', 16: '1.0', 17: '17', 18: '0.0', 19: '1.0', 20: '0.0', 21: '1.0', 22: '0.0013035660000000338', 23: 'run1/output/rmfs//0.rmf3', 24: 17} 
{0: '0.0', 1: '0.0', 2: '0.43000191163223894', 3: '-1.3862943611198906', 4: '0.0', 5: '0.0', 6: '0.43000191163223894', 7: '14.23198391804579', 8: '0.25', 9: '2.0', 10: '-0.9562924494876517', 11: '1.0', 12: '0.7157894736842105', 13: '0.6473684210526316', 14: '0.7684210526315789', 15: '1.0', 16: '1.0', 17: '18', 18: '0.0', 19: '1.0', 20: '0.0', 21: '1.0', 22: '0.0012201290000000142', 23: 'run1/output/rmfs//0.rmf3', 24: 18} 
{0: '0.18191943754416975', 1: '0.0', 2: '0.7885703634094454', 3: '-1.3862943611198906', 4: '0.0', 5: '0.0', 6: '0.7885703634094454', 7: '22.081097024664153', 8: '0.25', 9: '2.0', 10: '-0.4158045601662754', 11: '1.0', 12: '0.72', 13: '0.65', 14: '0.765', 15: '1.0', 16: '1.0', 17: '19', 18: '0.0', 19: '1.0', 20: '0.0', 21: '1.0', 22: '0.0008640599999999443', 23: 'run1/output/rmfs//0.rmf3', 24: 19} 
{0: '0.0', 1: '0.0', 2: '0.42073044998565506', 3: '-1.3862943611198906', 4: '0.0', 5: '0.0', 6: '0.42073044998565506', 7: '13.304837753387416', 8: '0.25', 9: '2.0', 10: '-0.9655639111342356', 11: '1.0', 12: '0.7333333333333333', 13: '0.6428571428571429', 14: '0.7666666666666667', 15: '1.0', 16: '1.0', 17: '20', 18: '0.0', 19: '1.0', 20: '0.0', 21: '1.0', 22: '0.0012469090000000183', 23: 'run1/output/rmfs//0.rmf3', 24: 20} 
{0: '0.0', 1: '0.0', 2: '0.48021685882044524', 3: '-1.3862943611198906', 4: '0.0', 5: '0.0', 6: '0.48021685882044524', 7: '19.253478636866422', 8: '0.25', 9: '2.0', 10: '-0.9060775022994454', 11: '1.0', 12: '0.7363636363636363', 13: '0.6545454545454545', 14: '0.7727272727272727', 15: '1.0', 16: '1.0', 17: '21', 18: '0.0', 19: '1.0', 20: '0.0', 21: '1.0', 22: '0.0012505099999999825', 23: 'run1/output/rmfs//0.rmf3', 24: 21} 
{0: '0.0', 1: '0.0', 2: '0.482283273468114', 3: '-1.3862943611198906', 4: '0.0', 5: '0.0', 6: '0.482283273468114', 7: '19.46012010163331', 8: '0.25', 9: '2.0', 10: '-0.9040110876517766', 11: '1.0', 12: '0.7434782608695653', 13: '0.6521739130434783', 14: '0.7695652173913043', 15: '1.0', 16: '1.0', 17: '22', 18: '0.0', 19: '1.0', 20: '0.0', 21: '1.0', 22: '0.0012142649999999922', 23: 'run1/output/rmfs//0.rmf3', 24: 22} 
{0: '0.0', 1: '0.0', 2: '0.43987649536162143', 3: '-1.3862943611198906', 4: '0.0', 5: '0.0', 6: '0.43987649536162143', 7: '15.21944229098405', 8: '0.25', 9: '2.0', 10: '-0.9464178657582691', 11: '1.0', 12: '0.75', 13: '0.65', 14: '0.7791666666666667', 15: '1.0', 16: '1.0', 17: '23', 18: '0.0', 19: '1.0', 20: '0.0', 21: '1.0', 22: '0.001250316000000029', 23: 'run1/output/rmfs//0.rmf3', 24: 23} 
{0: '0.0', 1: '0.8709561444732672', 2: '0.42618310615556887', 3: '-1.3862943611198906', 4: '0.0', 5: '0.0', 6: '0.42618310615556887', 7: '13.850103370378795', 8: '0.25', 9: '2.0', 10: '-0.08915511049105462', 11: '1.0', 12: '0.752', 13: '0.66', 14: '0.776', 15: '1.0', 16: '1.0', 17: '24', 18: '0.0', 19: '1.0', 20: '0.0', 21: '1.0', 22: '0.0009159530000000249', 23: 'run1/output/rmfs//0.rmf3', 24: 24} 
{0: '0.0', 1: '0.35216853956060723', 2: '0.3885668833104665', 3: '-1.3862943611198906', 4: '0.0', 5: '0.0', 6: '0.3885668833104665', 7: '10.088481085868555', 8: '0.25', 9: '2.0', 10: '-0.6455589382488168', 11: '1.0', 12: '0.7538461538461538', 13: '0.6615384615384615', 14: '0.7769230769230769', 15: '1.0', 16: '1.0', 17: '25', 18: '0.0', 19: '1.0', 20: '0.0', 21: '1.0', 22: '0.0008656820000000343', 23: 'run1/output/rmfs//0.rmf3', 24: 25} 
{0: '0.0', 1: '0.0', 2: '0.39149712384400426', 3: '-1.3862943611198906', 4: '0.0', 5: '0.0', 6: '0.39149712384400426', 7: '10.38150513922234', 8: '0.25', 9: '2.0', 10: '-0.9947972372758863', 11: '1.0', 12: '0.7555555555555555', 13: '0.662962962962963', 14: '0.7814814814814814', 15: '1.0', 16: '1.0', 17: '26', 18: '0.0', 19: '1.0', 20: '0.0', 21: '1.0', 22: '0.0012562859999999398', 23: 'run1/output/rmfs//0.rmf3', 24: 26} 
{0: '0.0', 1: '0.40655288900966385', 2: '0.3824048242032628', 3: '-1.3862943611198906', 4: '0.0', 5: '0.0', 6: '0.3824048242032628', 7: '9.472275175148186', 8: '0.25', 9: '2.0', 10: '-0.597336647906964', 11: '1.0', 12: '0.7607142857142857', 13: '0.6678571428571428', 14: '0.7785714285714286', 15: '1.0', 16: '1.0', 17: '27', 18: '0.0', 19: '1.0', 20: '0.0', 21: '1.0', 22: '0.0009286229999999618', 23: 'run1/output/rmfs//0.rmf3', 24: 27} 
{0: '0.0', 1: '0.832591232105558', 2: '0.38154994074831616', 3: '-1.3862943611198906', 4: '0.0', 5: '0.0', 6: '0.38154994074831616', 7: '9.386786829653529', 8: '0.25', 9: '2.0', 10: '-0.17215318826601655', 11: '1.0', 12: '0.7517241379310344', 13: '0.6724137931034483', 14: '0.7724137931034483', 15: '1.0', 16: '1.0', 17: '28', 18: '0.0', 19: '1.0', 20: '0.0', 21: '1.0', 22: '0.0008720730000000287', 23: 'run1/output/rmfs//0.rmf3', 24: 28} 
{0: '0.0', 1: '0.0', 2: '0.4330975301780038', 3: '-1.3862943611198906', 4: '0.0', 5: '0.0', 6: '0.4330975301780038', 7: '14.541545772622298', 8: '0.25', 9: '2.0', 10: '-0.9531968309418868', 11: '1.0', 12: '0.76', 13: '0.6733333333333333', 14: '0.7733333333333333', 15: '1.0', 16: '1.0', 17: '29', 18: '0.0', 19: '1.0', 20: '0.0', 21: '1.0', 22: '0.001258015999999973', 23: 'run1/output/rmfs//0.rmf3', 24: 29} 
{0: '0.0', 1: '1.0583064288129846', 2: '0.3768734783834457', 3: '-1.3862943611198906', 4: '0.0', 5: '0.0', 6: '0.3768734783834457', 7: '8.919140593166473', 8: '0.25', 9: '2.0', 10: '0.04888554607653983', 11: '1.0', 12: '0.7483870967741936', 13: '0.667741935483871', 14: '0.7677419354838709', 15: '1.0', 16: '1.0', 17: '30', 18: '0.0', 19: '1.0', 20: '0.0', 21: '1.0', 22: '0.0008976970000000861', 23: 'run1/output/rmfs//0.rmf3', 24: 30} 
{0: '0.0', 1: '0.0', 2: '0.4836854353609858', 3: '-1.3862943611198906', 4: '0.0', 5: '0.0', 6: '0.4836854353609858', 7: '19.60033629092049', 8: '0.25', 9: '2.0', 10: '-0.9026089257589047', 11: '1.0', 12: '0.753125', 13: '0.665625', 14: '0.7625', 15: '1.0', 16: '1.0', 17: '31', 18: '0.0', 19: '1.0', 20: '0.0', 21: '1.0', 22: '0.0008248690000000058', 23: 'run1/output/rmfs//0.rmf3', 24: 31} 
{0: '0.0', 1: '0.0', 2: '0.464584440696253', 3: '-1.3862943611198906', 4: '0.0', 5: '0.0', 6: '0.464584440696253', 7: '17.690236824447215', 8: '0.25', 9: '2.0', 10: '-0.9217099204236376', 11: '1.0', 12: '0.7575757575757576', 13: '0.6727272727272727', 14: '0.7696969696969697', 15: '1.0', 16: '1.0', 17: '32', 18: '0.0', 19: '1.0', 20: '0.0', 21: '1.0', 22: '0.0012033719999999803', 23: 'run1/output/rmfs//0.rmf3', 24: 32} 
{0: '0.0', 1: '0.0', 2: '0.46540485722606284', 3: '-1.3862943611198906', 4: '0.0', 5: '0.0', 6: '0.46540485722606284', 7: '17.77227847742818', 8: '0.25', 9: '2.0', 10: '-0.9208895038938277', 11: '1.0', 12: '0.7617647058823529', 13: '0.6764705882352942', 14: '0.7705882352941177', 15: '1.0', 16: '1.0', 17: '33', 18: '0.0', 19: '1.0', 20: '0.0', 21: '1.0', 22: '0.0011956180000000094', 23: 'run1/output/rmfs//0.rmf3', 24: 33} 
{0: '0.0', 1: '0.5072854867441852', 2: '0.4612359860710189', 3: '-1.3862943611198906', 4: '0.0', 5: '0.0', 6: '0.4612359860710189', 7: '17.355391361923804', 8: '0.25', 9: '2.0', 10: '-0.4177728883046865', 11: '1.0', 12: '0.7628571428571429', 13: '0.6657142857142857', 14: '0.7628571428571429', 15: '1.0', 16: '1.0', 17: '34', 18: '0.0', 19: '1.0', 20: '0.0', 21: '1.0', 22: '0.000876661999999917', 23: 'run1/output/rmfs//0.rmf3', 24: 34} 
{0: '0.0', 1: '0.04373670454032676', 2: '0.38846447162886566', 3: '-1.3862943611198906', 4: '0.0', 5: '0.0', 6: '0.38846447162886566', 7: '10.078239917708467', 8: '0.25', 9: '2.0', 10: '-0.9540931849506982', 11: '1.0', 12: '0.7666666666666667', 13: '0.6694444444444444', 14: '0.7555555555555555', 15: '1.0', 16: '1.0', 17: '35', 18: '0.0', 19: '1.0', 20: '0.0', 21: '1.0', 22: '0.0012561790000000794', 23: 'run1/output/rmfs//0.rmf3', 24: 35} 
{0: '0.0', 1: '0.0', 2: '0.3942930630790915', 3: '-1.3862943611198906', 4: '0.0', 5: '0.0', 6: '0.3942930630790915', 7: '10.661099062731049', 8: '0.25', 9: '2.0', 10: '-0.9920012980407991', 11: '1.0', 12: '0.7702702702702703', 13: '0.6756756756756757', 14: '0.7513513513513513', 15: '1.0', 16: '1.0', 17: '36', 18: '0.0', 19: '1.0', 20: '0.0', 21: '1.0', 22: '0.001257147000000014', 23: 'run1/output/rmfs//0.rmf3', 24: 36} 
{0: '0.0', 1: '0.0', 2: '0.4293735699033731', 3: '-1.3862943611198906', 4: '0.0', 5: '0.0', 6: '0.4293735699033731', 7: '14.169149745159206', 8: '0.25', 9: '2.0', 10: '-0.9569207912165174', 11: '1.0', 12: '0.7684210526315789', 13: '0.6789473684210526', 14: '0.7473684210526316', 15: '1.0', 16: '1.0', 17: '37', 18: '0.0', 19: '1.0', 20: '0.0', 21: '1.0', 22: '0.001268277999999956', 23: 'run1/output/rmfs//0.rmf3', 24: 37} 
{0: '0.07246035087643886', 1: '0.0', 2: '0.4576911658718962', 3: '-1.3862943611198906', 4: '0.0', 5: '0.0', 6: '0.4576911658718962', 7: '17.000909342011536', 8: '0.25', 9: '2.0', 10: '-0.8561428443715555', 11: '1.0', 12: '0.7615384615384615', 13: '0.6743589743589744', 14: '0.7435897435897436', 15: '1.0', 16: '1.0', 17: '38', 18: '0.0', 19: '1.0', 20: '0.0', 21: '1.0', 22: '0.0009604579999999974', 23: 'run1/output/rmfs//0.rmf3', 24: 38} 
{0: '0.0', 1: '0.0', 2: '0.45256534298993284', 3: '-1.3862943611198906', 4: '0.0', 5: '0.0', 6: '0.45256534298993284', 7: '16.488327053815198', 8: '0.25', 9: '2.0', 10: '-0.9337290181299578', 11: '1.0', 12: '0.76', 13: '0.67', 14: '0.7375', 15: '1.0', 16: '1.0', 17: '39', 18: '0.0', 19: '1.0', 20: '0.0', 21: '1.0', 22: '0.0011993829999999983', 23: 'run1/output/rmfs//0.rmf3', 24: 39} 
{0: '0.0', 1: '0.0', 2: '0.4150162741603871', 3: '-1.3862943611198906', 4: '0.0', 5: '0.0', 6: '0.4150162741603871', 7: '12.733420170860617', 8: '0.25', 9: '2.0', 10: '-0.9712780869595035', 11: '1.0', 12: '0.7634146341463415', 13: '0.6707317073170732', 14: '0.7365853658536585', 15: '1.0', 16: '1.0', 17: '40', 18: '0.0', 19: '1.0', 20: '0.0', 21: '1.0', 22: '0.0012280669999999994', 23: 'run1/output/rmfs//0.rmf3', 24: 40} 
{0: '0.0', 1: '0.0', 2: '0.48068156834480047', 3: '-1.3862943611198906', 4: '0.0', 5: '0.0', 6: '0.48068156834480047', 7: '19.29994958930195', 8: '0.25', 9: '2.0', 10: '-0.9056127927750901', 11: '1.0', 12: '0.7666666666666667', 13: '0.6738095238095239', 14: '0.7404761904761905', 15: '1.0', 16: '1.0', 17: '41', 18: '0.0', 19: '1.0', 20: '0.0', 21: '1.0', 22: '0.0008543570000000278', 23: 'run1/output/rmfs//0.rmf3', 24: 41} 
{0: '0.0', 1: '0.0', 2: '0.46368182005027947', 3: '-1.3862943611198906', 4: '0.0', 5: '0.0', 6: '0.46368182005027947', 7: '17.599974759849847', 8: '0.25', 9: '2.0', 10: '-0.9226125410696111', 11: '1.0', 12: '0.7651162790697674', 13: '0.6767441860465117', 14: '0.7395348837209302', 15: '1.0', 16: '1.0', 17: '42', 18: '0.0', 19: '1.0', 20: '0.0', 21: '1.0', 22: '0.0008221159999999283', 23: 'run1/output/rmfs//0.rmf3', 24: 42} 
{0: '0.15040537883539376', 1: '0.0', 2: '0.4974904376668515', 3: '-1.3862943611198906', 4: '0.0', 5: '0.0', 6: '0.4974904376668515', 7: '20.980836521507058', 8: '0.25', 9: '2.0', 10: '-0.7383985446176453', 11: '1.0', 12: '0.7659090909090909', 13: '0.6818181818181818', 14: '0.7386363636363636', 15: '1.0', 16: '1.0', 17: '43', 18: '0.0', 19: '1.0', 20: '0.0', 21: '1.0', 22: '0.0008093880000000775', 23: 'run1/output/rmfs//0.rmf3', 24: 43} 
{0: '0.0', 1: '0.0', 2: '0.7309785593572857', 3: '-1.3862943611198906', 4: '0.0', 5: '0.0', 6: '0.7309785593572857', 7: '21.951825494989855', 8: '0.25', 9: '2.0', 10: '-0.6553158017626048', 11: '1.0', 12: '0.76', 13: '0.6733333333333333', 14: '0.7422222222222222', 15: '1.0', 16: '1.0', 17: '44', 18: '0.0', 19: '1.0', 20: '0.0', 21: '1.0', 22: '0.0008086929999999715', 23: 'run1/output/rmfs//0.rmf3', 24: 44} 
{0: '0.0', 1: '0.50726408165262', 2: '0.873659742993066', 3: '-1.3862943611198906', 4: '0.0', 5: '0.0', 6: '0.873659742993066', 7: '22.25812345349793', 8: '0.25', 9: '2.0', 10: '-0.00537053647420449', 11: '1.0', 12: '0.758695652173913', 13: '0.6717391304347826', 14: '0.7369565217391304', 15: '1.0', 16: '1.0', 17: '45', 18: '0.0', 19: '1.0', 20: '0.0', 21: '1.0', 22: '0.0008632170000000272', 23: 'run1/output/rmfs//0.rmf3', 24: 45} 
{0: '0.0', 1: '1.3701501005867747', 2: '0.42070310846371', 3: '-1.3862943611198906', 4: '0.0', 5: '0.0', 6: '0.42070310846371', 7: '13.302103601192913', 8: '0.25', 9: '2.0', 10: '0.40455884793059416', 11: '1.0', 12: '0.7617021276595745', 13: '0.674468085106383', 14: '0.7382978723404255', 15: '1.0', 16: '1.0', 17: '46', 18: '0.0', 19: '1.0', 20: '0.0', 21: '1.0', 22: '0.0008573250000000199', 23: 'run1/output/rmfs//0.rmf3', 24: 46} 
{0: '0.0', 1: '0.0', 2: '0.4165354805522128', 3: '-1.3862943611198906', 4: '0.0', 5: '0.0', 6: '0.4165354805522128', 7: '12.885340810043195', 8: '0.25', 9: '2.0', 10: '-0.9697588805676778', 11: '1.0', 12: '0.7625', 13: '0.6729166666666667', 14: '0.7416666666666667', 15: '1.0', 16: '1.0', 17: '47', 18: '0.0', 19: '1.0', 20: '0.0', 21: '1.0', 22: '0.0012308849999999039', 23: 'run1/output/rmfs//0.rmf3', 24: 47} 
{0: '0.0', 1: '0.0', 2: '0.4490891176619959', 3: '-1.3862943611198906', 4: '0.0', 5: '0.0', 6: '0.4490891176619959', 7: '16.140704521021497', 8: '0.25', 9: '2.0', 10: '-0.9372052434578947', 11: '1.0', 12: '0.7612244897959184', 13: '0.6693877551020408', 14: '0.7428571428571429', 15: '1.0', 16: '1.0', 17: '48', 18: '0.0', 19: '1.0', 20: '0.0', 21: '1.0', 22: '0.0008397740000000153', 23: 'run1/output/rmfs//0.rmf3', 24: 48} 
{0: '0.0', 1: '0.0', 2: '0.48342662043418916', 3: '-1.3862943611198906', 4: '0.0', 5: '0.0', 6: '0.48342662043418916', 7: '19.574454798240833', 8: '0.25', 9: '2.0', 10: '-0.9028677406857014', 11: '1.0', 12: '0.762', 13: '0.668', 14: '0.74', 15: '1.0', 16: '1.0', 17: '49', 18: '0.0', 19: '1.0', 20: '0.0', 21: '1.0', 22: '0.0008241680000000695', 23: 'run1/output/rmfs//0.rmf3', 24: 49} 
